AREA .  .ABS.
	RADIX HEX
	BASE 0000
	SIZE 0000
	ATTRIB ABS OVR
	GLOBALS
		l__DATA	0000
		l__HEAP	0000
		l__BSEG	0000
		l_.  .ABS.	0000
		l__GSFINAL	0000
		l__ISEG	0000
		s_.  .ABS.	0000
		s__HEADER	0000
		l__XSEG	0000
		.init	0000
		l__OVERLAY	0000
		l__LIT	0000
		l__GSINIT	0000
		s__SFR	0000
		l__GSINITTAIL	0001
		l__CODE	0034
		l__BSS	0059
		l__BASE	0096
		l__HOME	01AC
		l__HEADER	01E1
		s__CODE	0200
		s__HOME	0234
		s__BASE	03E0
		s__GSINITTAIL	0476
		s__LIT	0476
		s__GSINIT	0476
		s__GSFINAL	0477
		.OAM	C000
		s__DATA	C0A0
		s__BSS	C0A0
		s__HEAP	C0F9
		s__BSEG	C0F9
		s__ISEG	C0F9
		s__XSEG	C0F9
		s__OVERLAY	C0F9
		.STACK	E000
		.refresh_OAM	FF80
		l__SFR	10000
AREA _CODE
	RADIX HEX
	BASE 0200
	SIZE 0034
	ATTRIB REL CON
	GLOBALS
		_main	0200
AREA _HEADER
	RADIX HEX
	BASE 0000
	SIZE 01E1
	ATTRIB ABS OVR
	GLOBALS
		_exit	01D2
AREA _HOME
	RADIX HEX
	BASE 0234
	SIZE 01AC
	ATTRIB REL CON
	GLOBALS
		.set_mode	0234
		.remove_VBL	0244
		.remove_LCD	024A
		.remove_TIM	0250
		.remove_SIO	0256
		.remove_JOY	025C
		.add_VBL	0262
		.add_LCD	0268
		.add_TIM	026E
		.add_SIO	0274
		.add_JOY	027A
		.remove_int	0280
		.add_int	02A0
		.wait_vbl_done	02BC
		_wait_vbl_done	02BC
		_display_off	02D3
		.display_off	02D3
		.serial_IO	02F4
		_mode	0323
		_get_mode	032C
		_enable_interrupts	0331
		_disable_interrupts	0333
		_reset	0335
		.reset	0335
		_set_interrupts	033B
		_remove_VBL	0346
		_remove_LCD	0351
		_remove_TIM	035C
		_remove_SIO	0367
		_remove_JOY	0372
		_add_VBL	037D
		_add_LCD	0388
		_add_TIM	0393
		_add_SIO	039E
		_add_JOY	03A9
		_clock	03B4
		__printTStates	03BD
		banked_call	03BE
		banked_ret	03D7
AREA _BASE
	RADIX HEX
	BASE 03E0
	SIZE 0096
	ATTRIB REL CON
	GLOBALS
		.padup	03E0
		_waitpadup	03E0
		.jpad	03F0
		.wait_pad	041D
		_joypad	0424
		_waitpad	0429
		.delay	0433
		_delay	046D
AREA _LIT
	RADIX HEX
	BASE 0476
	SIZE 0000
	ATTRIB REL CON
AREA _GSINIT
	RADIX HEX
	BASE 0476
	SIZE 0000
	ATTRIB REL CON
	GLOBALS
		gsinit	0476
AREA _GSINITTAIL
	RADIX HEX
	BASE 0476
	SIZE 0001
	ATTRIB REL CON
AREA _GSFINAL
	RADIX HEX
	BASE 0477
	SIZE 0000
	ATTRIB REL CON
AREA _DATA
	RADIX HEX
	BASE C0A0
	SIZE 0000
	ATTRIB REL CON
AREA _BSS
	RADIX HEX
	BASE C0A0
	SIZE 0059
	ATTRIB REL CON
	GLOBALS
		__cpu	C0A0
		.mode	C0A1
		__io_out	C0A2
		__io_in	C0A3
		__io_status	C0A4
		.vbl_done	C0A5
		__current_bank	C0A6
		_sys_time	C0A7
		.sys_time	C0A7
		.int_0x40	C0A9
		.int_0x48	C0B9
		.int_0x50	C0C9
		.int_0x58	C0D9
		.int_0x60	C0E9
AREA _HEAP
	RADIX HEX
	BASE C0F9
	SIZE 0000
	ATTRIB REL CON
	GLOBALS
		_malloc_heap_start	C0F9
AREA _OVERLAY
	RADIX HEX
	BASE C0F9
	SIZE 0000
	ATTRIB REL CON
AREA _ISEG
	RADIX HEX
	BASE C0F9
	SIZE 0000
	ATTRIB REL CON
AREA _BSEG
	RADIX HEX
	BASE C0F9
	SIZE 0000
	ATTRIB REL CON
AREA _XSEG
	RADIX HEX
	BASE C0F9
	SIZE 0000
	ATTRIB REL CON
AREA _SFR
	RADIX HEX
	BASE 0000
	SIZE 10000
	ATTRIB ABS OVR
	GLOBALS
		_P1_REG	FF00
		_SB_REG	FF01
		_SC_REG	FF02
		_DIV_REG	FF04
		_TIMA_REG	FF05
		_TMA_REG	FF06
		_TAC_REG	FF07
		_IF_REG	FF0F
		_NR10_REG	FF10
		_NR11_REG	FF11
		_NR12_REG	FF12
		_NR13_REG	FF13
		_NR14_REG	FF14
		_NR21_REG	FF16
		_NR22_REG	FF17
		_NR23_REG	FF18
		_NR24_REG	FF19
		_NR30_REG	FF1A
		_NR31_REG	FF1B
		_NR32_REG	FF1C
		_NR33_REG	FF1D
		_NR34_REG	FF1E
		_NR41_REG	FF20
		_NR42_REG	FF21
		_NR43_REG	FF22
		_NR44_REG	FF23
		_NR50_REG	FF24
		_NR51_REG	FF25
		_NR52_REG	FF26
		_LCDC_REG	FF40
		_STAT_REG	FF41
		_SCY_REG	FF42
		_SCX_REG	FF43
		_LY_REG	FF44
		_LYC_REG	FF45
		_DMA_REG	FF46
		_BGP_REG	FF47
		_OBP0_REG	FF48
		_OBP1_REG	FF49
		_WY_REG	FF4A
		_WX_REG	FF4B
		_KEY1_REG	FF4D
		_VBK_REG	FF4F
		_HDMA1_REG	FF51
		_HDMA2_REG	FF52
		_HDMA3_REG	FF53
		_HDMA4_REG	FF54
		_HDMA5_REG	FF55
		_RP_REG	FF56
		_BCPS_REG	FF68
		_BCPD_REG	FF69
		_OCPS_REG	FF6A
		_OCPD_REG	FF6B
		_SVBK_REG	FF70
		_IE_REG	FFFF
MODULES
	FILE c:\gbdk\lib/small/asxxxx/gb/crt0.o
		NAME Runtime
	FILE main.o
		NAME lcc191520
LIBRARIES
	LIBRARY c:\gbdk\lib/small/asxxxx/gb/gb.lib
		MODULE sfr.o
	LIBRARY c:\gbdk\lib/small/asxxxx/gb/gb.lib
		MODULE pad.o
	LIBRARY c:\gbdk\lib/small/asxxxx/gb/gb.lib
		MODULE delay.o
USERBASEDEF
	_CODE=0x0200
	_DATA=0xC0A0
	_CODE_1=0x4000
USERGLOBALDEF
	.OAM=0xC000
	.STACK=0xE000
	.refresh_OAM=0xFF80
	.init=0x0000
