AREA .  .ABS.
	RADIX HEX
	BASE 0000
	SIZE 0000
	ATTRIB ABS OVR
	GLOBALS
		l__HEAP	0000
		l__BSEG	0000
		l_.  .ABS.	0000
		l__GSFINAL	0000
		l__ISEG	0000
		s_.  .ABS.	0000
		s__HEADER	0000
		l__XSEG	0000
		.init	0000
		l__OVERLAY	0000
		l__LIT	0000
		s__SFR	0000
		l__GSINITTAIL	0001
		l__BSS	0084
		l__HOME	01AC
		l__HEADER	01EB
		s__CODE	0200
		l__DATA	0355
		l__CODE	0803
		s__HOME	0A03
		s__BASE	0BAF
		l__GSINIT	13FE
		l__BASE	1BAC
		s__LIT	275B
		s__GSINIT	275B
		s__GSINITTAIL	3B59
		s__GSFINAL	3B5A
		.OAM	C000
		s__DATA	C0A0
		s__BSS	C3F5
		s__HEAP	C479
		s__BSEG	C479
		s__ISEG	C479
		s__XSEG	C479
		s__OVERLAY	C479
		.STACK	E000
		.refresh_OAM	FF80
		l__SFR	10000
AREA _CODE
	RADIX HEX
	BASE 0200
	SIZE 0803
	ATTRIB REL CON
	GLOBALS
		_main	0200
		_putchar	0292
		_setchar	029B
		_gotoxy	02A4
		_posx	02AF
		_posy	02C0
		.adv_gcurs	02D1
		.circle	02EE
		.horlin	0391
		.verlin	03C9
		.circplot	0425
		.box	04A3
		.line	0579
		.xonly	069A
		.yonly	07E9
		.plot	080A
		.wrbyte	0827
		.getpix	08A9
		.wrtchr	08DE
		_gotogxy	0942
		_wrtchr	094D
		_getpix	0962
		_color	096E
		_circle	097D
		_box	0997
		_line	09BB
		_plot_point	09D3
		_plot	09E7
AREA _HEADER
	RADIX HEX
	BASE 0000
	SIZE 01EB
	ATTRIB ABS OVR
	GLOBALS
		_exit	01D2
AREA _HOME
	RADIX HEX
	BASE 0A03
	SIZE 01AC
	ATTRIB REL CON
	GLOBALS
		.set_mode	0A03
		.remove_VBL	0A13
		.remove_LCD	0A19
		.remove_TIM	0A1F
		.remove_SIO	0A25
		.remove_JOY	0A2B
		.add_VBL	0A31
		.add_LCD	0A37
		.add_TIM	0A3D
		.add_SIO	0A43
		.add_JOY	0A49
		.remove_int	0A4F
		.add_int	0A6F
		.wait_vbl_done	0A8B
		_wait_vbl_done	0A8B
		_display_off	0AA2
		.display_off	0AA2
		.serial_IO	0AC3
		_mode	0AF2
		_get_mode	0AFB
		_enable_interrupts	0B00
		_disable_interrupts	0B02
		_reset	0B04
		.reset	0B04
		_set_interrupts	0B0A
		_remove_VBL	0B15
		_remove_LCD	0B20
		_remove_TIM	0B2B
		_remove_SIO	0B36
		_remove_JOY	0B41
		_add_VBL	0B4C
		_add_LCD	0B57
		_add_TIM	0B62
		_add_SIO	0B6D
		_add_JOY	0B78
		_clock	0B83
		__printTStates	0B8C
		banked_call	0B8D
		banked_ret	0BA6
AREA _BASE
	RADIX HEX
	BASE 0BAF
	SIZE 1BAC
	ATTRIB REL CON
	GLOBALS
		font_copy_uncompressed	0BAF
		font_copy_compressed	0BE5
		font_load	0C3A
		font_copy_current	0C82
		font_set	0CCA
		.put_char	0CD7
		.out_char	0CF0
		.del_char	0CF7
		_font_load	0D52
		_font_set	0D60
		_font_init	0D6F
		_cls	0D91
		.cls	0D91
		.cr_curs	0DC3
		.adv_curs	0DD8
		.tmode	0E34
		.tmode_out	0E5D
		_scroll_bkg	0E6D
		_move_win	0E83
		_font_spect	0E8C
		_set_win_tiles	120E
		_font_load_ibm_fixed	1222
		_font_ibm_fixed	1229
		_font_ibm_fixed_tiles	132B
		.gmode	1B2B
		.vbl	1B8D
		.lcd	1B98
		.draw_image	1BA5
		.switch_data	1BAF
		_switch_data	1BE6
		_draw_image	1C01
		.y_table	1C14
		_font_italic	1D34
		_font_ibm	209E
		.delay	2420
		_delay	245A
		.init_vram	2463
		.init_wtt	2471
		.init_btt	2481
		.init_tt	248F
		_set_win_data	2495
		_set_bkg_data	2495
		_set_sprite_data	24E2
		_font_min	2511
		.copy_vram	26BB
		_get_data	26CA
		_set_data	26CA
		_set_bkg_tiles	26DD
		.set_xy_wtt	26F1
		.set_xy_btt	2702
		.set_xy_tt	2711
		_set_tiles	2742
AREA _LIT
	RADIX HEX
	BASE 275B
	SIZE 0000
	ATTRIB REL CON
AREA _GSINIT
	RADIX HEX
	BASE 275B
	SIZE 13FE
	ATTRIB REL CON
	GLOBALS
		gsinit	275B
AREA _GSINITTAIL
	RADIX HEX
	BASE 3B59
	SIZE 0001
	ATTRIB REL CON
AREA _GSFINAL
	RADIX HEX
	BASE 3B5A
	SIZE 0000
	ATTRIB REL CON
AREA _DATA
	RADIX HEX
	BASE C0A0
	SIZE 0355
	ATTRIB REL CON
	GLOBALS
		_background	C0A0
		_backgroundTiles	C370
		_windowMap	C3F0
AREA _BSS
	RADIX HEX
	BASE C3F5
	SIZE 0084
	ATTRIB REL CON
	GLOBALS
		__cpu	C3F5
		.mode	C3F6
		__io_out	C3F7
		__io_in	C3F8
		__io_status	C3F9
		.vbl_done	C3FA
		__current_bank	C3FB
		_sys_time	C3FC
		.sys_time	C3FC
		.int_0x40	C3FE
		.int_0x48	C40E
		.int_0x50	C41E
		.int_0x58	C42E
		.int_0x60	C43E
		font_current	C44E
		font_first_free_tile	C451
		font_table	C452
		.curx	C464
		.cury	C465
		.fg_colour	C466
		.bg_colour	C467
AREA _HEAP
	RADIX HEX
	BASE C479
	SIZE 0000
	ATTRIB REL CON
	GLOBALS
		_malloc_heap_start	C479
AREA _OVERLAY
	RADIX HEX
	BASE C479
	SIZE 0000
	ATTRIB REL CON
AREA _ISEG
	RADIX HEX
	BASE C479
	SIZE 0000
	ATTRIB REL CON
AREA _BSEG
	RADIX HEX
	BASE C479
	SIZE 0000
	ATTRIB REL CON
AREA _XSEG
	RADIX HEX
	BASE C479
	SIZE 0000
	ATTRIB REL CON
AREA _SFR
	RADIX HEX
	BASE 0000
	SIZE 10000
	ATTRIB ABS OVR
	GLOBALS
		_P1_REG	FF00
		_SB_REG	FF01
		_SC_REG	FF02
		_DIV_REG	FF04
		_TIMA_REG	FF05
		_TMA_REG	FF06
		_TAC_REG	FF07
		_IF_REG	FF0F
		_NR10_REG	FF10
		_NR11_REG	FF11
		_NR12_REG	FF12
		_NR13_REG	FF13
		_NR14_REG	FF14
		_NR21_REG	FF16
		_NR22_REG	FF17
		_NR23_REG	FF18
		_NR24_REG	FF19
		_NR30_REG	FF1A
		_NR31_REG	FF1B
		_NR32_REG	FF1C
		_NR33_REG	FF1D
		_NR34_REG	FF1E
		_NR41_REG	FF20
		_NR42_REG	FF21
		_NR43_REG	FF22
		_NR44_REG	FF23
		_NR50_REG	FF24
		_NR51_REG	FF25
		_NR52_REG	FF26
		_LCDC_REG	FF40
		_STAT_REG	FF41
		_SCY_REG	FF42
		_SCX_REG	FF43
		_LY_REG	FF44
		_LYC_REG	FF45
		_DMA_REG	FF46
		_BGP_REG	FF47
		_OBP0_REG	FF48
		_OBP1_REG	FF49
		_WY_REG	FF4A
		_WX_REG	FF4B
		_KEY1_REG	FF4D
		_VBK_REG	FF4F
		_HDMA1_REG	FF51
		_HDMA2_REG	FF52
		_HDMA3_REG	FF53
		_HDMA4_REG	FF54
		_HDMA5_REG	FF55
		_RP_REG	FF56
		_BCPS_REG	FF68
		_BCPD_REG	FF69
		_OCPS_REG	FF6A
		_OCPD_REG	FF6B
		_SVBK_REG	FF70
		_IE_REG	FFFF
MODULES
	FILE c:\gbdk\lib/small/asxxxx/gb/crt0.o
		NAME Runtime
	FILE main.o
		NAME lcc163160
LIBRARIES
	LIBRARY c:\gbdk\lib/small/asxxxx/gb/gb.lib
		MODULE sfr.o
	LIBRARY c:\gbdk\lib/small/asxxxx/gb/gb.lib
		MODULE font.o
	LIBRARY c:\gbdk\lib/small/asxxxx/gb/gb.lib
		MODULE scroll_b.o
	LIBRARY c:\gbdk\lib/small/asxxxx/gb/gb.lib
		MODULE mv_win.o
	LIBRARY c:\gbdk\lib/small/asxxxx/gb/gb.lib
		MODULE f_spect.o
	LIBRARY c:\gbdk\lib/small/asxxxx/gb/gb.lib
		MODULE set_wi_t.o
	LIBRARY c:\gbdk\lib/small/asxxxx/gb/gb.lib
		MODULE ibmfixed.o
	LIBRARY c:\gbdk\lib/small/asxxxx/gb/gb.lib
		MODULE drawing.o
	LIBRARY c:\gbdk\lib/small/asxxxx/gb/gb.lib
		MODULE f_italic.o
	LIBRARY c:\gbdk\lib/small/asxxxx/gb/gb.lib
		MODULE f_ibm_sh.o
	LIBRARY c:\gbdk\lib/small/asxxxx/gb/gb.lib
		MODULE delay.o
	LIBRARY c:\gbdk\lib/small/asxxxx/gb/gb.lib
		MODULE init_tt.o
	LIBRARY c:\gbdk\lib/small/asxxxx/gb/gb.lib
		MODULE set_data.o
	LIBRARY c:\gbdk\lib/small/asxxxx/gb/gb.lib
		MODULE f_min.o
	LIBRARY c:\gbdk\lib/small/asxxxx/gb/gb.lib
		MODULE cpy_data.o
	LIBRARY c:\gbdk\lib/small/asxxxx/gb/gb.lib
		MODULE set_bk_t.o
	LIBRARY c:\gbdk\lib/small/asxxxx/gb/gb.lib
		MODULE set_xy_t.o
USERBASEDEF
	_CODE=0x0200
	_DATA=0xC0A0
	_CODE_1=0x4000
USERGLOBALDEF
	.OAM=0xC000
	.STACK=0xE000
	.refresh_OAM=0xFF80
	.init=0x0000
